.venv\Scripts\python.exe : Warning: You are sending unauthenticated requests to the HF Hub. Please set a HF_TOKEN to 
enable higher rate limits and faster downloads.
Au caractère Ligne:1 : 1
+ .venv\Scripts\python.exe tests/phase2_verification.py --verbose > tes ...
+ ~~~~~~~~~~~~~~~~~~~~~~~~~~~~~~~~~~~~~~~~~~~~~~~~~~~~~~~~~~~~~~~~~~~~~
    + CategoryInfo          : NotSpecified: (Warning: You ar...ster downloads.:String) [], RemoteException
    + FullyQualifiedErrorId : NativeCommandError
 

============================================================
  OCBRAIN PHASE 2 VERIFICATION SUITE
============================================================

------------------------------------------------------------
  2. Evaluation Regression
------------------------------------------------------------

Loading weights:   0%|          | 0/103 [00:00<?, ?it/s]
Loading weights: 100%|##########| 103/103 [00:00<00:00, 6456.15it/s]
{"trace_id": "deec8f89-5991-4f6d-8fab-89fa490bb44d", "span": "classifier_v3", "duration_ms": 69, "metadata": {}}
{"trace_id": "deec8f89-5991-4f6d-8fab-89fa490bb44d", "span": "classifier_v3", "duration_ms": 14, "metadata": {}}
{"trace_id": "deec8f89-5991-4f6d-8fab-89fa490bb44d", "span": "classifier_v3", "duration_ms": 11, "metadata": {}}
{"trace_id": "deec8f89-5991-4f6d-8fab-89fa490bb44d", "span": "classifier_v3", "duration_ms": 13, "metadata": {}}
{"trace_id": "deec8f89-5991-4f6d-8fab-89fa490bb44d", "span": "classifier_v3", "duration_ms": 38, "metadata": {}}
{"trace_id": "deec8f89-5991-4f6d-8fab-89fa490bb44d", "span": "module_execution", "duration_ms": 164, "metadata": {}}
{"trace_id": "deec8f89-5991-4f6d-8fab-89fa490bb44d", "span": "module_execution", "duration_ms": 164, "metadata": {}}
{"trace_id": "deec8f89-5991-4f6d-8fab-89fa490bb44d", "span": "orchestrator_v3", "duration_ms": 203, "metadata": {}}
[ProviderMesh] Primary(FAIL) failed (ConnectionError: Primary provider is down (simulated)), trying next...
{"trace_id": "deec8f89-5991-4f6d-8fab-89fa490bb44d", "span": "provider_call", "duration_ms": 0, "metadata": 
{"provider": "Primary(FAIL)", "latency_ms": 0, "success": false, "error": "Primary provider is down (simulated)"}}
{"trace_id": "deec8f89-5991-4f6d-8fab-89fa490bb44d", "span": "provider_call", "duration_ms": 0, "metadata": 
{"provider": "Secondary(OK)", "latency_ms": 0, "success": true}}
{"trace_id": "trace-integrity-1777921905", "span": "classifier_v3", "duration_ms": 9, "metadata": {}}
{"trace_id": "trace-integrity-1777921905", "span": "module_execution", "duration_ms": 0, "metadata": {}}
{"trace_id": "trace-integrity-1777921905", "span": "module_execution", "duration_ms": 0, "metadata": {}}
{"trace_id": "trace-integrity-1777921905", "span": "orchestrator_v3", "duration_ms": 10, "metadata": {}}
{"trace_id": "06edc543-4ccf-4aab-b5c1-dc283b15e631", "span": "classifier_v3", "duration_ms": 0, "metadata": {}}
{"trace_id": "06edc543-4ccf-4aab-b5c1-dc283b15e631", "span": "module_execution", "duration_ms": 17, "metadata": {}}
{"trace_id": "06edc543-4ccf-4aab-b5c1-dc283b15e631", "span": "module_execution", "duration_ms": 17, "metadata": {}}
{"trace_id": "06edc543-4ccf-4aab-b5c1-dc283b15e631", "span": "orchestrator_v3", "duration_ms": 18, "metadata": {}}
{"trace_id": "8db24421-33a2-4ed5-a13b-450cf5ba24c0", "span": "classifier_v3", "duration_ms": 15, "metadata": {}}
{"trace_id": "8db24421-33a2-4ed5-a13b-450cf5ba24c0", "span": "module_execution", "duration_ms": 15, "metadata": {}}
{"trace_id": "8db24421-33a2-4ed5-a13b-450cf5ba24c0", "span": "module_execution", "duration_ms": 15, "metadata": {}}
{"trace_id": "8db24421-33a2-4ed5-a13b-450cf5ba24c0", "span": "orchestrator_v3", "duration_ms": 31, "metadata": {}}
{"trace_id": "5ec79105-d8d7-48ad-a07e-2b22b9626365", "span": "classifier_v3", "duration_ms": 11, "metadata": {}}
{"trace_id": "5ec79105-d8d7-48ad-a07e-2b22b9626365", "span": "module_execution", "duration_ms": 20, "metadata": {}}
{"trace_id": "5ec79105-d8d7-48ad-a07e-2b22b9626365", "span": "module_execution", "duration_ms": 20, "metadata": {}}
{"trace_id": "5ec79105-d8d7-48ad-a07e-2b22b9626365", "span": "orchestrator_v3", "duration_ms": 32, "metadata": {}}
{"trace_id": "e9426236-ddb5-4ecb-a620-551174a66e27", "span": "classifier_v3", "duration_ms": 13, "metadata": {}}
{"trace_id": "e9426236-ddb5-4ecb-a620-551174a66e27", "span": "module_execution", "duration_ms": 18, "metadata": {}}
{"trace_id": "e9426236-ddb5-4ecb-a620-551174a66e27", "span": "module_execution", "duration_ms": 18, "metadata": {}}
{"trace_id": "e9426236-ddb5-4ecb-a620-551174a66e27", "span": "orchestrator_v3", "duration_ms": 32, "metadata": {}}
{"trace_id": "de2b4809-518b-4ee0-987f-fbacea15a1bf", "span": "classifier_v3", "duration_ms": 15, "metadata": {}}
{"trace_id": "de2b4809-518b-4ee0-987f-fbacea15a1bf", "span": "module_execution", "duration_ms": 14, "metadata": {}}
{"trace_id": "de2b4809-518b-4ee0-987f-fbacea15a1bf", "span": "module_execution", "duration_ms": 15, "metadata": {}}
{"trace_id": "de2b4809-518b-4ee0-987f-fbacea15a1bf", "span": "orchestrator_v3", "duration_ms": 31, "metadata": {}}
{"trace_id": "de15bde8-8bbd-43d2-8bc9-216a9a33c364", "span": "classifier_v3", "duration_ms": 0, "metadata": {}}
{"trace_id": "de15bde8-8bbd-43d2-8bc9-216a9a33c364", "span": "module_execution", "duration_ms": 13, "metadata": {}}
{"trace_id": "de15bde8-8bbd-43d2-8bc9-216a9a33c364", "span": "module_execution", "duration_ms": 14, "metadata": {}}
{"trace_id": "de15bde8-8bbd-43d2-8bc9-216a9a33c364", "span": "orchestrator_v3", "duration_ms": 14, "metadata": {}}
{"trace_id": "5a3f559f-95b2-455b-a6ac-98d7f41ef87c", "span": "classifier_v3", "duration_ms": 0, "metadata": {}}
{"trace_id": "5a3f559f-95b2-455b-a6ac-98d7f41ef87c", "span": "module_execution", "duration_ms": 15, "metadata": {}}
{"trace_id": "5a3f559f-95b2-455b-a6ac-98d7f41ef87c", "span": "module_execution", "duration_ms": 15, "metadata": {}}
{"trace_id": "5a3f559f-95b2-455b-a6ac-98d7f41ef87c", "span": "orchestrator_v3", "duration_ms": 16, "metadata": {}}
{"trace_id": "bd2bbd23-573c-480b-b850-e90dc3cf4de0", "span": "classifier_v3", "duration_ms": 0, "metadata": {}}
{"trace_id": "bd2bbd23-573c-480b-b850-e90dc3cf4de0", "span": "module_execution", "duration_ms": 15, "metadata": {}}
{"trace_id": "bd2bbd23-573c-480b-b850-e90dc3cf4de0", "span": "module_execution", "duration_ms": 15, "metadata": {}}
{"trace_id": "bd2bbd23-573c-480b-b850-e90dc3cf4de0", "span": "orchestrator_v3", "duration_ms": 15, "metadata": {}}
{"trace_id": "ae5be073-e164-48f1-bb6e-fc9f2dc67140", "span": "classifier_v3", "duration_ms": 0, "metadata": {}}
{"trace_id": "ae5be073-e164-48f1-bb6e-fc9f2dc67140", "span": "module_execution", "duration_ms": 15, "metadata": {}}
{"trace_id": "ae5be073-e164-48f1-bb6e-fc9f2dc67140", "span": "module_execution", "duration_ms": 15, "metadata": {}}
{"trace_id": "ae5be073-e164-48f1-bb6e-fc9f2dc67140", "span": "orchestrator_v3", "duration_ms": 16, "metadata": {}}
{"trace_id": "e0b7acdf-5769-4725-99c0-1c7b9f996e06", "span": "classifier_v3", "duration_ms": 0, "metadata": {}}
{"trace_id": "e0b7acdf-5769-4725-99c0-1c7b9f996e06", "span": "module_execution", "duration_ms": 13, "metadata": {}}
{"trace_id": "e0b7acdf-5769-4725-99c0-1c7b9f996e06", "span": "module_execution", "duration_ms": 13, "metadata": {}}
{"trace_id": "e0b7acdf-5769-4725-99c0-1c7b9f996e06", "span": "orchestrator_v3", "duration_ms": 14, "metadata": {}}
{"trace_id": "eb2afbf2-a2e8-4d5b-8950-ebd76b108ae1", "span": "classifier_v3", "duration_ms": 0, "metadata": {}}
{"trace_id": "eb2afbf2-a2e8-4d5b-8950-ebd76b108ae1", "span": "module_execution", "duration_ms": 14, "metadata": {}}
{"trace_id": "eb2afbf2-a2e8-4d5b-8950-ebd76b108ae1", "span": "module_execution", "duration_ms": 15, "metadata": {}}
{"trace_id": "eb2afbf2-a2e8-4d5b-8950-ebd76b108ae1", "span": "orchestrator_v3", "duration_ms": 15, "metadata": {}}
{"trace_id": "5eacb764-ccda-491f-89f7-3937b9dc1206", "span": "classifier_v3", "duration_ms": 0, "metadata": {}}
{"trace_id": "5eacb764-ccda-491f-89f7-3937b9dc1206", "span": "module_execution", "duration_ms": 14, "metadata": {}}
{"trace_id": "5eacb764-ccda-491f-89f7-3937b9dc1206", "span": "module_execution", "duration_ms": 14, "metadata": {}}
{"trace_id": "5eacb764-ccda-491f-89f7-3937b9dc1206", "span": "orchestrator_v3", "duration_ms": 15, "metadata": {}}
{"trace_id": "54ad92cb-4c13-4e35-b8d0-017ff5dd465d", "span": "classifier_v3", "duration_ms": 0, "metadata": {}}
{"trace_id": "54ad92cb-4c13-4e35-b8d0-017ff5dd465d", "span": "module_execution", "duration_ms": 14, "metadata": {}}
{"trace_id": "54ad92cb-4c13-4e35-b8d0-017ff5dd465d", "span": "module_execution", "duration_ms": 15, "metadata": {}}
{"trace_id": "54ad92cb-4c13-4e35-b8d0-017ff5dd465d", "span": "orchestrator_v3", "duration_ms": 15, "metadata": {}}
{"trace_id": "1eb7e34f-b842-44bb-abad-a0ac56986a46", "span": "classifier_v3", "duration_ms": 0, "metadata": {}}
{"trace_id": "1eb7e34f-b842-44bb-abad-a0ac56986a46", "span": "module_execution", "duration_ms": 15, "metadata": {}}
{"trace_id": "1eb7e34f-b842-44bb-abad-a0ac56986a46", "span": "module_execution", "duration_ms": 15, "metadata": {}}
{"trace_id": "1eb7e34f-b842-44bb-abad-a0ac56986a46", "span": "orchestrator_v3", "duration_ms": 16, "metadata": {}}
{"trace_id": "c78d757d-9204-43f4-b612-75c22610d8e7", "span": "classifier_v3", "duration_ms": 0, "metadata": {}}
{"trace_id": "c78d757d-9204-43f4-b612-75c22610d8e7", "span": "module_execution", "duration_ms": 14, "metadata": {}}
{"trace_id": "c78d757d-9204-43f4-b612-75c22610d8e7", "span": "module_execution", "duration_ms": 14, "metadata": {}}
{"trace_id": "c78d757d-9204-43f4-b612-75c22610d8e7", "span": "orchestrator_v3", "duration_ms": 15, "metadata": {}}
{"trace_id": "c21f23b2-b962-4717-86a2-bf9177dd5902", "span": "classifier_v3", "duration_ms": 0, "metadata": {}}
{"trace_id": "c21f23b2-b962-4717-86a2-bf9177dd5902", "span": "module_execution", "duration_ms": 15, "metadata": {}}
{"trace_id": "c21f23b2-b962-4717-86a2-bf9177dd5902", "span": "module_execution", "duration_ms": 15, "metadata": {}}
{"trace_id": "c21f23b2-b962-4717-86a2-bf9177dd5902", "span": "orchestrator_v3", "duration_ms": 16, "metadata": {}}
{"trace_id": "da9c9e29-d746-4e95-a4b0-8258a4c2dfea", "span": "classifier_v3", "duration_ms": 0, "metadata": {}}
{"trace_id": "da9c9e29-d746-4e95-a4b0-8258a4c2dfea", "span": "module_execution", "duration_ms": 15, "metadata": {}}
{"trace_id": "da9c9e29-d746-4e95-a4b0-8258a4c2dfea", "span": "module_execution", "duration_ms": 15, "metadata": {}}
{"trace_id": "da9c9e29-d746-4e95-a4b0-8258a4c2dfea", "span": "orchestrator_v3", "duration_ms": 16, "metadata": {}}
{"trace_id": "35bd39df-1dcd-4889-9316-35947b93eaef", "span": "classifier_v3", "duration_ms": 0, "metadata": {}}
{"trace_id": "35bd39df-1dcd-4889-9316-35947b93eaef", "span": "module_execution", "duration_ms": 14, "metadata": {}}
{"trace_id": "35bd39df-1dcd-4889-9316-35947b93eaef", "span": "module_execution", "duration_ms": 14, "metadata": {}}
{"trace_id": "35bd39df-1dcd-4889-9316-35947b93eaef", "span": "orchestrator_v3", "duration_ms": 15, "metadata": {}}
{"trace_id": "56211b76-97d5-4326-aa73-cbe425ad055f", "span": "classifier_v3", "duration_ms": 0, "metadata": {}}
{"trace_id": "56211b76-97d5-4326-aa73-cbe425ad055f", "span": "module_execution", "duration_ms": 14, "metadata": {}}
{"trace_id": "56211b76-97d5-4326-aa73-cbe425ad055f", "span": "module_execution", "duration_ms": 14, "metadata": {}}
{"trace_id": "56211b76-97d5-4326-aa73-cbe425ad055f", "span": "orchestrator_v3", "duration_ms": 15, "metadata": {}}
{"trace_id": "c3b98473-59c2-4cdc-a1cc-721ca747bc07", "span": "classifier_v3", "duration_ms": 0, "metadata": {}}
{"trace_id": "c3b98473-59c2-4cdc-a1cc-721ca747bc07", "span": "module_execution", "duration_ms": 14, "metadata": {}}
{"trace_id": "c3b98473-59c2-4cdc-a1cc-721ca747bc07", "span": "module_execution", "duration_ms": 14, "metadata": {}}
{"trace_id": "c3b98473-59c2-4cdc-a1cc-721ca747bc07", "span": "orchestrator_v3", "duration_ms": 16, "metadata": {}}
  [OK] PASS  Eval Regression - current=0.4857, baseline=0.4857, delta=+0.0000

------------------------------------------------------------
  3. Classifier Accuracy
------------------------------------------------------------
         'search for the latest AI news online' -> web_search (0.543)
  [ERR] FAIL  Classifier Accuracy - 'write a python function to sort a list' top score 0.107 < 0.5; 'explain what machine learning is' top score 0.305 < 0.5; 'run a system command and list files' top score 0.434 < 0.5
         -> 'write a python function to sort a list' top score 0.107 < 0.5; 'explain what machine learning is' top score 0.305 < 0.5; 'run a system command and list files' top score 0.434 < 0.5

------------------------------------------------------------
  4. Parallel Execution
------------------------------------------------------------
         2 modules | wall=0.204s | sequential_est=0.300s | ratio=0.68
  [OK] PASS  Parallel Execution - 2 modules in 0.204s wall (sequential~=0.300s, ratio=0.68 - OVERLAP CONFIRMED)

------------------------------------------------------------
  5. Provider Fallback
------------------------------------------------------------
  [OK] PASS  Provider Fallback - Primary failed -> 'Secondary(OK)' returned 'fallback_response'

------------------------------------------------------------
  6. Concurrency Limit
------------------------------------------------------------
  [OK] PASS  Concurrency Limit - Peak concurrent=3 <= limit=3

------------------------------------------------------------
  7. Timeout Enforcement
------------------------------------------------------------
  [OK] PASS  Timeout Enforcement - Correctly timed out in 0.313s (patched limit=0.3s)

------------------------------------------------------------
  8. Iteration Budget
------------------------------------------------------------
  [OK] PASS  Iteration Budget - Raised RuntimeError at step 4: 'Iteration limit exceeded (max: 3)'

------------------------------------------------------------
  9. Tracing Integrity
------------------------------------------------------------
  [ERR] FAIL  Tracing Integrity - Missing spans: {'provider_call'}. Found: {'classifier_v3', 'module_execution', 'orchestrator_v3'}
         -> Missing spans: {'provider_call'}. Found: {'classifier_v3', 'module_execution', 'orchestrator_v3'}

------------------------------------------------------------
  10. Latency Benchmark
------------------------------------------------------------
  [OK] PASS  Latency Benchmark - avg=19.13ms, p95=32.61ms, p99=32.61ms (n=20), delta_p95=-14.3ms vs baseline

============================================================
  PHASE 2 VERIFICATION REPORT
============================================================
  Eval Score    : 0.4857 (delta=+0.0000, baseline=0.4857)
  Classifier    : FAIL
  Parallelism   : PASS
  Provider FB   : PASS
  Concurrency   : PASS  [peak=3]
  Timeout       : PASS
  Iter Safety   : PASS
  Tracing       : FAIL
  Latency       : avg=19.13ms  p95=32.61ms  p99=32.61ms

  Total: 9  [OK] 7 passed  [ERR] 2 failed

  [FAILURE] PHASE 2 INCOMPLETE - Fix: Classifier Accuracy, Tracing Integrity
============================================================

